    Checking aether v0.1.0 (/home/pmes/src/github.com/pmes/UnaOS/handlers/aether)
error[E0583]: file not found for module `events`
 --> handlers/aether/src/api/mod.rs:3:1
  |
3 | pub mod events;
  | ^^^^^^^^^^^^^^^
  |
  = help: to create the module `events`, create file "handlers/aether/src/api/events.rs" or "handlers/aether/src/api/events/mod.rs"
  = note: if there is a `mod events` elsewhere in the crate already, import it with `use crate::...` instead

error[E0583]: file not found for module `websockets`
 --> handlers/aether/src/api/mod.rs:4:1
  |
4 | pub mod websockets;
  | ^^^^^^^^^^^^^^^^^^^
  |
  = help: to create the module `websockets`, create file "handlers/aether/src/api/websockets.rs" or "handlers/aether/src/api/websockets/mod.rs"
  = note: if there is a `mod websockets` elsewhere in the crate already, import it with `use crate::...` instead

error[E0583]: file not found for module `test_send`
   --> handlers/aether/src/main.rs:117:1
    |
117 | pub mod test_send;
    | ^^^^^^^^^^^^^^^^^^
    |
    = help: to create the module `test_send`, create file "handlers/aether/src/test_send.rs" or "handlers/aether/src/test_send/mod.rs"
    = note: if there is a `mod test_send` elsewhere in the crate already, import it with `use crate::...` instead

error[E0432]: unresolved import `boa_engine::ContextBuilder`
 --> handlers/aether/src/js/mod.rs:6:5
  |
6 |     ContextBuilder,
  |     ^^^^^^^^^^^^^^ no `ContextBuilder` in the root
  |
  = help: consider importing one of these structs instead:
          std::task::ContextBuilder
          boa_engine::context::ContextBuilder

error[E0432]: unresolved imports `cssparser::DeclarationListParser`, `cssparser::RuleListParser`
 --> handlers/aether/src/css/mod.rs:4:38
  |
4 | ...ParserInput, DeclarationListParser, RuleListParser, QualifiedRuleParse...
  |                 ^^^^^^^^^^^^^^^^^^^^^  ^^^^^^^^^^^^^^ no `RuleListParser` in the root
  |                 |
  |                 no `DeclarationListParser` in the root
  |
help: a similar name exists in the module
  |
4 - use cssparser::{Parser, ParserInput, DeclarationListParser, RuleListParser, QualifiedRuleParser, AtRuleParser, ToCss};
4 + use cssparser::{Parser, ParserInput, DeclarationParser, RuleListParser, QualifiedRuleParser, AtRuleParser, ToCss};
  |
help: a similar name exists in the module
  |
4 - use cssparser::{Parser, ParserInput, DeclarationListParser, RuleListParser, QualifiedRuleParser, AtRuleParser, ToCss};
4 + use cssparser::{Parser, ParserInput, DeclarationListParser, RuleBodyParser, QualifiedRuleParser, AtRuleParser, ToCss};
  |

error[E0432]: unresolved import `boa_engine::ContextBuilder`
 --> handlers/aether/src/workers/mod.rs:4:5
  |
4 |     ContextBuilder, JsValue, Source,
  |     ^^^^^^^^^^^^^^ no `ContextBuilder` in the root
  |
  = help: consider importing one of these structs instead:
          std::task::ContextBuilder
          boa_engine::context::ContextBuilder

error[E0432]: unresolved import `cssparser::DeclarationListParser`
 --> handlers/aether/src/api/cssom.rs:8:38
  |
8 | use cssparser::{Parser, ParserInput, DeclarationListParser};
  |                                      ^^^^^^^^^^^^^^^^^^^^^ no `DeclarationListParser` in the root
  |
help: a similar name exists in the module
  |
8 - use cssparser::{Parser, ParserInput, DeclarationListParser};
8 + use cssparser::{Parser, ParserInput, DeclarationParser};
  |

error[E0433]: cannot find `utf16` in `string`
  --> handlers/aether/src/workers/mod.rs:39:37
   |
39 |                 boa_engine::string::utf16!("postMessage"),
   |                                     ^^^^^ could not find `utf16` in `string`

error[E0433]: cannot find `utf16` in `string`
  --> handlers/aether/src/workers/mod.rs:52:69
   |
52 | ...gine::string::utf16!("onmessage"), &mut context)
   |                  ^^^^^ could not find `utf16` in `string`

error[E0433]: cannot find `utf16` in `string`
  --> handlers/aether/src/workers/mod.rs:58:49
   |
58 | ...                   boa_engine::string::utf16!("data"),
   |                                           ^^^^^ could not find `utf16` in `string`

error: cannot find macro `namespace_url` in this scope
 --> handlers/aether/src/api/element.rs:7:40
  |
7 | ...   html5ever::QualName::new(None, html5ever::ns!(html), html5ever::Loc...
  |                                      ^^^^^^^^^^^^^^^^^^^^
  |
  = note: this error originates in the macro `html5ever::ns` (in Nightly builds, run with -Z macro-backtrace for more info)
help: consider importing this macro
  |
1 + use html5ever::namespace_url;
  |

warning: unused import: `JsError`
 --> handlers/aether/src/js/mod.rs:2:33
  |
2 |     Context, JsValue, JsResult, JsError,
  |                                 ^^^^^^^
  |
  = note: `#[warn(unused_imports)]` (part of `#[warn(unused)]`) on by default

warning: unused import: `Serialize`
 --> handlers/aether/src/yt/mod.rs:2:26
  |
2 | use serde::{Deserialize, Serialize};
  |                          ^^^^^^^^^

warning: unused import: `JsError`
 --> handlers/aether/src/event_loop/mod.rs:1:46
  |
1 | use boa_engine::{Context, JsResult, JsValue, JsError, JsArgs, NativeFunct...
  |                                              ^^^^^^^

warning: unused imports: `JsResult` and `JsValue`
 --> handlers/aether/src/api/fetch.rs:1:27
  |
1 | use boa_engine::{Context, JsResult, JsValue, native_function::NativeFunct...
  |                           ^^^^^^^^  ^^^^^^^

warning: unused imports: `JsResult` and `property::Attribute`
 --> handlers/aether/src/api/cssom.rs:2:23
  |
2 |     Context, JsValue, JsResult,
  |                       ^^^^^^^^
...
5 |     property::Attribute,
  |     ^^^^^^^^^^^^^^^^^^^

error[E0277]: `*mut freetype_sys::FT_FaceRec` cannot be shared between threads safely
   --> handlers/aether/src/fonts/mod.rs:8:22
    |
  8 | static DEFAULT_FONT: OnceLock<Font> = OnceLock::new();
    |                      ^^^^^^^^^^^^^^ `*mut freetype_sys::FT_FaceRec` cannot be shared between threads safely
    |
    = help: within `Font`, the trait `std::marker::Sync` is not implemented for `*mut freetype_sys::FT_FaceRec`
note: required because it appears within the type `Font`
   --> /home/pmes/.cargo/registry/src/index.crates.io-1949cf8c6b5b557f/font-kit-0.14.3/src/loaders/freetype.rs:124:12
    |
124 | pub struct Font {
    |            ^^^^
    = note: required for `OnceLock<Font>` to implement `std::marker::Sync`
    = note: shared static variables must have a type that implements `Sync`

error[E0277]: `*mut freetype_sys::FT_FaceRec` cannot be sent between threads safely
   --> handlers/aether/src/fonts/mod.rs:8:22
    |
  8 | static DEFAULT_FONT: OnceLock<Font> = OnceLock::new();
    |                      ^^^^^^^^^^^^^^ `*mut freetype_sys::FT_FaceRec` cannot be sent between threads safely
    |
    = help: within `Font`, the trait `Send` is not implemented for `*mut freetype_sys::FT_FaceRec`
note: required because it appears within the type `Font`
   --> /home/pmes/.cargo/registry/src/index.crates.io-1949cf8c6b5b557f/font-kit-0.14.3/src/loaders/freetype.rs:124:12
    |
124 | pub struct Font {
    |            ^^^^
    = note: required for `OnceLock<Font>` to implement `std::marker::Sync`
    = note: shared static variables must have a type that implements `Sync`

error[E0277]: the trait bound `PropertyKey: From<&str>` is not satisfied
  --> handlers/aether/src/event_loop/mod.rs:87:48
   |
87 | ... let Ok(cb) = ws_obj.get("onmessage", &mut self.context) {
   |                         --- ^^^^^^^^^^^ the trait `From<&str>` is not implemented for `PropertyKey`
   |                         |
   |                         required by a bound introduced by this call
   |
   = help: `PropertyKey` implements trait `From<T>`:
             From<JsStr<'_>>
             From<JsString>
             From<JsSymbol>
             From<f64>
             From<i32>
             From<i64>
             From<isize>
             From<u16>
           and 4 others
   = note: required for `&str` to implement `Into<PropertyKey>`
note: required by a bound in `boa_engine::object::operations::<impl JsObject>::get`
  --> /home/pmes/.cargo/registry/src/index.crates.io-1949cf8c6b5b557f/boa_engine-0.19.1/src/object/operations.rs:75:12
   |
73 |     pub fn get<K>(&self, key: K, context: &mut Context) -> JsResult<JsVa...
   |            --- required by a bound in this associated function
74 |     where
75 |         K: Into<PropertyKey>,
   |            ^^^^^^^^^^^^^^^^^ required by this bound in `boa_engine::object::operations::<impl JsObject>::get`

error[E0277]: the trait bound `PropertyKey: From<&str>` is not satisfied
   --> handlers/aether/src/event_loop/mod.rs:91:43
    |
 91 | ...                    .property("data", js_str, boa_engine::property::...
    |                         -------- ^^^^^^ the trait `From<&str>` is not implemented for `PropertyKey`
    |                         |
    |                         required by a bound introduced by this call
    |
    = help: `PropertyKey` implements trait `From<T>`:
              From<JsStr<'_>>
              From<JsString>
              From<JsSymbol>
              From<f64>
              From<i32>
              From<i64>
              From<isize>
              From<u16>
            and 4 others
    = note: required for `&str` to implement `Into<PropertyKey>`
note: required by a bound in `ObjectInitializer::<'ctx>::property`
   --> /home/pmes/.cargo/registry/src/index.crates.io-1949cf8c6b5b557f/boa_engine-0.19.1/src/object/mod.rs:673:12
    |
671 |     pub fn property<K, V>(&mut self, key: K, value: V, attribute: Attri...
    |            -------- required by a bound in this associated function
672 |     where
673 |         K: Into<PropertyKey>,
    |            ^^^^^^^^^^^^^^^^^ required by this bound in `ObjectInitializer::<'ctx>::property`

error[E0277]: the trait bound `PropertyKey: From<&str>` is not satisfied
   --> handlers/aether/src/event_loop/mod.rs:104:48
    |
104 |                     if let Ok(cb) = ws_obj.get(prop, &mut self.context) {
    |                                            --- ^^^^ the trait `From<&str>` is not implemented for `PropertyKey`
    |                                            |
    |                                            required by a bound introduced by this call
    |
    = help: `PropertyKey` implements trait `From<T>`:
              From<JsStr<'_>>
              From<JsString>
              From<JsSymbol>
              From<f64>
              From<i32>
              From<i64>
              From<isize>
              From<u16>
            and 4 others
    = note: required for `&str` to implement `Into<PropertyKey>`
note: required by a bound in `boa_engine::object::operations::<impl JsObject>::get`
   --> /home/pmes/.cargo/registry/src/index.crates.io-1949cf8c6b5b557f/boa_engine-0.19.1/src/object/operations.rs:75:12
    |
 73 |     pub fn get<K>(&self, key: K, context: &mut Context) -> JsResult<JsV...
    |            --- required by a bound in this associated function
 74 |     where
 75 |         K: Into<PropertyKey>,
    |            ^^^^^^^^^^^^^^^^^ required by this bound in `boa_engine::object::operations::<impl JsObject>::get`

error[E0609]: no field `mime` on type `&ResolvedFormat`
  --> handlers/aether/src/main.rs:59:50
   |
59 | ...                   mime: stream.mime,
   |                                    ^^^^ unknown field
   |
   = note: available fields are: `url`, `mime_type`, `width`, `height`

error[E0599]: no method named `get` found for reference `&JsValue` in the current scope
   --> handlers/aether/src/js/mod.rs:116:35
    |
116 | ...   let id = this.get(boa_engine::string::JsString::from("__node_id")...
    |                     ^^^
    |
help: there is a method `ge` with a similar name
    |
116 -                     let id = this.get(boa_engine::string::JsString::from("__node_id"), ctx)?.as_number().unwrap_or(0.0) as i32;
116 +                     let id = this.ge(boa_engine::string::JsString::from("__node_id"), ctx)?.as_number().unwrap_or(0.0) as i32;
    |

error[E0599]: no method named `get` found for reference `&JsValue` in the current scope
   --> handlers/aether/src/js/mod.rs:133:35
    |
133 | ...   let id = this.get(boa_engine::string::JsString::from("__node_id")...
    |                     ^^^
    |
help: there is a method `ge` with a similar name
    |
133 -                     let id = this.get(boa_engine::string::JsString::from("__node_id"), ctx)?.as_number().unwrap_or(0.0) as i32;
133 +                     let id = this.ge(boa_engine::string::JsString::from("__node_id"), ctx)?.as_number().unwrap_or(0.0) as i32;
    |

error[E0599]: no associated function or constant named `from_native_function` found for struct `JsFunction` in the current scope
   --> handlers/aether/src/js/mod.rs:201:59
    |
201 | ...ltins::JsFunction::from_native_function(play_fn, context),
    |                       ^^^^^^^^^^^^^^^^^^^^ associated function or constant not found in `JsFunction`
    |
note: if you're trying to build a new `JsFunction`, consider using `JsFunction::from_object` which returns `std::option::Option<JsFunction>`
   --> /home/pmes/.cargo/registry/src/index.crates.io-1949cf8c6b5b557f/boa_engine-0.19.1/src/object/builtins/jsfunction.rs:44:5
    |
 44 |     pub fn from_object(object: JsObject) -> Option<Self> {
    |     ^^^^^^^^^^^^^^^^^^^^^^^^^^^^^^^^^^^^^^^^^^^^^^^^^^^^

error[E0599]: no associated function or constant named `from_native_function` found for struct `JsFunction` in the current scope
   --> handlers/aether/src/js/mod.rs:214:59
    |
214 | ...ltins::JsFunction::from_native_function(pause_fn, context),
    |                       ^^^^^^^^^^^^^^^^^^^^ associated function or constant not found in `JsFunction`
    |
note: if you're trying to build a new `JsFunction`, consider using `JsFunction::from_object` which returns `std::option::Option<JsFunction>`
   --> /home/pmes/.cargo/registry/src/index.crates.io-1949cf8c6b5b557f/boa_engine-0.19.1/src/object/builtins/jsfunction.rs:44:5
    |
 44 |     pub fn from_object(object: JsObject) -> Option<Self> {
    |     ^^^^^^^^^^^^^^^^^^^^^^^^^^^^^^^^^^^^^^^^^^^^^^^^^^^^

error[E0308]: mismatched types
   --> handlers/aether/src/css/mod.rs:182:31
    |
182 |                         left: Dimension::Points(v),
    |                               ^^^^^^^^^^^^^^^^^^^^ expected `LengthPercentageAuto`, found `Dimension`

error[E0308]: mismatched types
   --> handlers/aether/src/css/mod.rs:183:32
    |
183 |                         right: Dimension::Points(v),
    |                                ^^^^^^^^^^^^^^^^^^^^ expected `LengthPercentageAuto`, found `Dimension`

error[E0308]: mismatched types
   --> handlers/aether/src/css/mod.rs:184:30
    |
184 |                         top: Dimension::Points(v),
    |                              ^^^^^^^^^^^^^^^^^^^^ expected `LengthPercentageAuto`, found `Dimension`

error[E0308]: mismatched types
   --> handlers/aether/src/css/mod.rs:185:33
    |
185 |                         bottom: Dimension::Points(v),
    |                                 ^^^^^^^^^^^^^^^^^^^^ expected `LengthPercentageAuto`, found `Dimension`

error[E0308]: mismatched types
   --> handlers/aether/src/css/mod.rs:194:31
    |
194 |                         left: Dimension::Points(v),
    |                               ^^^^^^^^^^^^^^^^^^^^ expected `LengthPercentage`, found `Dimension`

error[E0308]: mismatched types
   --> handlers/aether/src/css/mod.rs:195:32
    |
195 |                         right: Dimension::Points(v),
    |                                ^^^^^^^^^^^^^^^^^^^^ expected `LengthPercentage`, found `Dimension`

error[E0308]: mismatched types
   --> handlers/aether/src/css/mod.rs:196:30
    |
196 |                         top: Dimension::Points(v),
    |                              ^^^^^^^^^^^^^^^^^^^^ expected `LengthPercentage`, found `Dimension`

error[E0308]: mismatched types
   --> handlers/aether/src/css/mod.rs:197:33
    |
197 |                         bottom: Dimension::Points(v),
    |                                 ^^^^^^^^^^^^^^^^^^^^ expected `LengthPercentage`, found `Dimension`

error[E0061]: this function takes 2 arguments but 1 argument was supplied
   --> handlers/aether/src/workers/mod.rs:27:32
    |
 27 |               let post_message = NativeFunction::from_copy_closure_with_captures(
    |  ________________________________^^^^^^^^^^^^^^^^^^^^^^^^^^^^^^^^^^^^^^^^^^^^^^^-
 28 | |                 move |_, args, worker_tx_clone, ctx| {
 29 | |                 if let Some(arg) = args.get(0) {
 30 | |                     if let Ok(js_str) = arg.to_string(ctx) {
...   |
 35 | |                 Ok(JsValue::Undefined)
 36 | |             });
    | |______________- argument #2 is missing
    |
note: associated function defined here
   --> /home/pmes/.cargo/registry/src/index.crates.io-1949cf8c6b5b557f/boa_engine-0.19.1/src/native_function.rs:254:12
    |
254 |     pub fn from_copy_closure_with_captures<F, T>(closure: F, captures: ...
    |            ^^^^^^^^^^^^^^^^^^^^^^^^^^^^^^^
help: provide the argument
    |
 27 ~             let post_message = NativeFunction::from_copy_closure_with_captures(move |_, args, worker_tx_clone, ctx| {
 28 +                 if let Some(arg) = args.get(0) {
 29 +                     if let Ok(js_str) = arg.to_string(ctx) {
 30 +                         let s = js_str.to_std_string_escaped();
 31 +                         let _ = worker_tx_clone.send(s);
 32 +                     }
 33 +                 }
 34 +                 Ok(JsValue::Undefined)
 35 ~             }, /* captures */);
    |

error[E0308]: mismatched types
   --> handlers/aether/src/api/element.rs:7:9
    |
  6 | ...et node = kuchiki::NodeRef::new_element(
    |              ----------------------------- arguments to this function are incorrect
  7 | ...   html5ever::QualName::new(None, html5ever::ns!(html), html5ever::LocalName::from(tag)),
    |       ^^^^^^^^^^^^^^^^^^^^^^^^^^^^^^^^^^^^^^^^^^^^^^^^^^^^^^^^^^^^^^^^^^^^^^^^^^^^^^^^^^^^^ expected `markup5ever::interface::QualName`, found `QualName`
    |
note: there are multiple different versions of crate `markup5ever` in the dependency graph
   --> /home/pmes/.cargo/registry/src/index.crates.io-1949cf8c6b5b557f/markup5ever-0.10.1/interface/mod.rs:147:1
    |
147 | pub struct QualName {
    | ^^^^^^^^^^^^^^^^^^^ this is the expected type
    |
   ::: /home/pmes/.cargo/registry/src/index.crates.io-1949cf8c6b5b557f/markup5ever-0.12.1/interface/mod.rs:147:1
    |
147 | pub struct QualName {
    | ------------------- this is the found type
    = help: you can use `cargo tree` to explore your dependency tree
note: associated function defined here
   --> /home/pmes/.cargo/registry/src/index.crates.io-1949cf8c6b5b557f/kuchiki-0.8.1/src/tree.rs:211:12
    |
211 |     pub fn new_element<I>(name: QualName, attributes: I) -> NodeRef
    |            ^^^^^^^^^^^

error[E0599]: no method named `get` found for reference `&JsValue` in the current scope
  --> handlers/aether/src/api/cssom.rs:22:43
   |
22 | ...   if let Ok(val) = this.get(JsString::from(prop.as_str()), ctx) {
   |                             ^^^
   |
help: there is a method `ge` with a similar name
   |
22 -                     if let Ok(val) = this.get(JsString::from(prop.as_str()), ctx) {
22 +                     if let Ok(val) = this.ge(JsString::from(prop.as_str()), ctx) {
   |

error[E0599]: no method named `get` found for reference `&JsValue` in the current scope
  --> handlers/aether/src/api/cssom.rs:59:39
   |
59 | ...   if let Ok(val) = this.get(JsString::from(prop.as_str()), ctx) {
   |                             ^^^
   |
help: there is a method `ge` with a similar name
   |
59 -                 if let Ok(val) = this.get(JsString::from(prop.as_str()), ctx) {
59 +                 if let Ok(val) = this.ge(JsString::from(prop.as_str()), ctx) {
   |

error[E0599]: no method named `set` found for reference `&JsValue` in the current scope
  --> handlers/aether/src/api/cssom.rs:82:26
   |
82 |                     this.set(
   |                     -----^^^ method not found in `&JsValue`

error[E0599]: no method named `set` found for reference `&JsValue` in the current scope
  --> handlers/aether/src/api/cssom.rs:90:26
   |
90 |                     this.set(
   |                     -----^^^ method not found in `&JsValue`

warning: unused import: `kuchiki::traits`
 --> handlers/aether/src/js/mod.rs:8:5
  |
8 | use kuchiki::traits::*;
  |     ^^^^^^^^^^^^^^^

warning: unused import: `kuchiki::traits`
  --> handlers/aether/src/css/mod.rs:95:9
   |
95 |     use kuchiki::traits::*;
   |         ^^^^^^^^^^^^^^^

warning: variable does not need to be mutable
  --> handlers/aether/src/event_loop/mod.rs:30:13
   |
30 |         let mut context = Context::default();
   |             ----^^^^^^^
   |             |
   |             help: remove this `mut`
   |
   = note: `#[warn(unused_mut)]` (part of `#[warn(unused)]`) on by default

error[E0277]: `NonNull<GcBox<VTableObject<...>>>` cannot be sent between threads safely
   --> handlers/aether/src/event_loop/mod.rs:63:21
    |
 63 |                       tokio::spawn(async move {
    |                       ^            ---------- within this `{async block@handlers/aether/src/event_loop/mod.rs:63:34: 63:44}`
    |  _____________________|
    | |
 64 | |                         tokio::time::sleep(Duration::from_millis(dela...
 65 | |                         let _ = sender.send(Event::Timeout(id)).await;
 66 | |                     });
    | |______________________^ `NonNull<GcBox<VTableObject<...>>>` cannot be sent between threads safely
    |
    = help: within `{async block@handlers/aether/src/event_loop/mod.rs:63:34: 63:44}`, the trait `Send` is not implemented for `NonNull<GcBox<VTableObject<...>>>`
note: required because it appears within the type `Gc<VTableObject<dyn NativeObject>>`
   --> /home/pmes/.cargo/registry/src/index.crates.io-1949cf8c6b5b557f/boa_gc-0.19.1/src/pointers/gc.rs:53:12
    |
 53 | pub struct Gc<T: Trace + ?Sized + 'static> {
    |            ^^
note: required because it appears within the type `JsObject`
   --> /home/pmes/.cargo/registry/src/index.crates.io-1949cf8c6b5b557f/boa_engine-0.19.1/src/object/jsobject.rs:50:12
    |
 50 | pub struct JsObject<T: NativeObject + ?Sized = dyn NativeObject> {
    |            ^^^^^^^^
note: required because it appears within the type `Event`
   --> handlers/aether/src/event_loop/mod.rs:6:10
    |
  6 | pub enum Event {
    |          ^^^^^
note: required because it's used within this `async` fn body
   --> /home/pmes/.cargo/registry/src/index.crates.io-1949cf8c6b5b557f/tokio-1.49.0/src/sync/mpsc/bounded.rs:816:68
    |
816 |       pub async fn send(&self, value: T) -> Result<(), SendError<T>> {
    |  ____________________________________________________________________^
817 | |         match self.reserve().await {
818 | |             Ok(permit) => {
819 | |                 permit.send(value);
...   |
824 | |     }
    | |_____^
note: required because it's used within this `async` block
   --> handlers/aether/src/event_loop/mod.rs:63:34
    |
 63 |                     tokio::spawn(async move {
    |                                  ^^^^^^^^^^
note: required by a bound in `tokio::spawn`
   --> /home/pmes/.cargo/registry/src/index.crates.io-1949cf8c6b5b557f/tokio-1.49.0/src/task/spawn.rs:171:21
    |
169 |     pub fn spawn<F>(future: F) -> JoinHandle<F::Output>
    |            ----- required by a bound in this function
170 |     where
171 |         F: Future + Send + 'static,
    |                     ^^^^ required by this bound in `spawn`
    = note: the full name for the type has been written to '/home/pmes/src/github.com/pmes/UnaOS/target/debug/deps/aether-f4d1b1b0a7160b47.long-type-742559893650476196.txt'
    = note: consider using `--verbose` to print the full type name to the console

error[E0277]: `Rc<VTableObject<dyn NativeObject>>` cannot be sent between threads safely
   --> handlers/aether/src/event_loop/mod.rs:63:21
    |
 63 |                       tokio::spawn(async move {
    |                       ^            ---------- within this `{async block@handlers/aether/src/event_loop/mod.rs:63:34: 63:44}`
    |  _____________________|
    | |
 64 | |                         tokio::time::sleep(Duration::from_millis(dela...
 65 | |                         let _ = sender.send(Event::Timeout(id)).await;
 66 | |                     });
    | |______________________^ `Rc<VTableObject<dyn NativeObject>>` cannot be sent between threads safely
    |
    = help: within `{async block@handlers/aether/src/event_loop/mod.rs:63:34: 63:44}`, the trait `Send` is not implemented for `Rc<VTableObject<dyn NativeObject>>`
note: required because it appears within the type `PhantomData<Rc<VTableObject<...>>>`
   --> /home/pmes/.rustup/toolchains/nightly-x86_64-unknown-linux-gnu/lib/rustlib/src/rust/library/core/src/marker.rs:811:12
    |
811 | pub struct PhantomData<T: PointeeSized>;
    |            ^^^^^^^^^^^
note: required because it appears within the type `Gc<VTableObject<dyn NativeObject>>`
   --> /home/pmes/.cargo/registry/src/index.crates.io-1949cf8c6b5b557f/boa_gc-0.19.1/src/pointers/gc.rs:53:12
    |
 53 | pub struct Gc<T: Trace + ?Sized + 'static> {
    |            ^^
note: required because it appears within the type `JsObject`
   --> /home/pmes/.cargo/registry/src/index.crates.io-1949cf8c6b5b557f/boa_engine-0.19.1/src/object/jsobject.rs:50:12
    |
 50 | pub struct JsObject<T: NativeObject + ?Sized = dyn NativeObject> {
    |            ^^^^^^^^
note: required because it appears within the type `Event`
   --> handlers/aether/src/event_loop/mod.rs:6:10
    |
  6 | pub enum Event {
    |          ^^^^^
note: required because it's used within this `async` fn body
   --> /home/pmes/.cargo/registry/src/index.crates.io-1949cf8c6b5b557f/tokio-1.49.0/src/sync/mpsc/bounded.rs:816:68
    |
816 |       pub async fn send(&self, value: T) -> Result<(), SendError<T>> {
    |  ____________________________________________________________________^
817 | |         match self.reserve().await {
818 | |             Ok(permit) => {
819 | |                 permit.send(value);
...   |
824 | |     }
    | |_____^
note: required because it's used within this `async` block
   --> handlers/aether/src/event_loop/mod.rs:63:34
    |
 63 |                     tokio::spawn(async move {
    |                                  ^^^^^^^^^^
note: required by a bound in `tokio::spawn`
   --> /home/pmes/.cargo/registry/src/index.crates.io-1949cf8c6b5b557f/tokio-1.49.0/src/task/spawn.rs:171:21
    |
169 |     pub fn spawn<F>(future: F) -> JoinHandle<F::Output>
    |            ----- required by a bound in this function
170 |     where
171 |         F: Future + Send + 'static,
    |                     ^^^^ required by this bound in `spawn`
    = note: the full name for the type has been written to '/home/pmes/src/github.com/pmes/UnaOS/target/debug/deps/aether-f4d1b1b0a7160b47.long-type-12033456590138087378.txt'
    = note: consider using `--verbose` to print the full type name to the console

error: lifetime may not live long enough
 --> handlers/aether/src/api/fetch.rs:4:64
  |
4 |       let _f = NativeFunction::from_async_fn(|_this, _args, ctx| async mo...
  |  ___________________________________________________________----_^
  | |                                                           |  |
  | |                                                           |  return type of closure `{async block@handlers/aether/src/api/fetch.rs:4:64: 4:74}` contains a lifetime `'2`
  | |                                                           has type `&'1 mut boa_engine::Context`
5 | |         // Can we use ctx here?
6 | |         let o = boa_engine::object::ObjectInitializer::new(ctx).build();
7 | |         Ok(o.into())
8 | |     });
  | |_____^ returning this value requires that `'1` must outlive `'2`

warning: unused variable: `context`
 --> handlers/aether/src/api/fetch.rs:3:13
  |
3 | pub fn init(context: &mut Context) {
  |             ^^^^^^^ help: if this is intentional, prefix it with an underscore: `_context`
  |
  = note: `#[warn(unused_variables)]` (part of `#[warn(unused)]`) on by default

Some errors have detailed explanations: E0061, E0277, E0308, E0432, E0433, E0583, E0599, E0609.
For more information about an error, try `rustc --explain E0061`.
warning: `aether` (bin "aether") generated 9 warnings
error: could not compile `aether` (bin "aether") due to 38 previous errors; 9 warnings emitted
